Archive member included to satisfy reference by file (symbol)

c:/program files (x86)/gnu tools arm embedded/6 2017-q1-update/bin/../lib/gcc/arm-none-eabi/6.3.1/../../../../arm-none-eabi/lib/thumb/v7-m\libg.a(lib_a-atoi.o)
                              ..\obj\dmd.o (atoi)
c:/program files (x86)/gnu tools arm embedded/6 2017-q1-update/bin/../lib/gcc/arm-none-eabi/6.3.1/../../../../arm-none-eabi/lib/thumb/v7-m\libg.a(lib_a-memset.o)
                              ..\obj\dmd.o (memset)
c:/program files (x86)/gnu tools arm embedded/6 2017-q1-update/bin/../lib/gcc/arm-none-eabi/6.3.1/../../../../arm-none-eabi/lib/thumb/v7-m\libg.a(lib_a-strcmp.o)
                              ..\obj\dmd.o (strcmp)
c:/program files (x86)/gnu tools arm embedded/6 2017-q1-update/bin/../lib/gcc/arm-none-eabi/6.3.1/../../../../arm-none-eabi/lib/thumb/v7-m\libg.a(lib_a-strtol.o)
                              c:/program files (x86)/gnu tools arm embedded/6 2017-q1-update/bin/../lib/gcc/arm-none-eabi/6.3.1/../../../../arm-none-eabi/lib/thumb/v7-m\libg.a(lib_a-atoi.o) (_strtol_r)
c:/program files (x86)/gnu tools arm embedded/6 2017-q1-update/bin/../lib/gcc/arm-none-eabi/6.3.1/../../../../arm-none-eabi/lib/thumb/v7-m\libg.a(lib_a-impure.o)
                              c:/program files (x86)/gnu tools arm embedded/6 2017-q1-update/bin/../lib/gcc/arm-none-eabi/6.3.1/../../../../arm-none-eabi/lib/thumb/v7-m\libg.a(lib_a-strtol.o) (_impure_ptr)
c:/program files (x86)/gnu tools arm embedded/6 2017-q1-update/bin/../lib/gcc/arm-none-eabi/6.3.1/../../../../arm-none-eabi/lib/thumb/v7-m\libg.a(lib_a-locale.o)
                              c:/program files (x86)/gnu tools arm embedded/6 2017-q1-update/bin/../lib/gcc/arm-none-eabi/6.3.1/../../../../arm-none-eabi/lib/thumb/v7-m\libg.a(lib_a-strtol.o) (__locale_ctype_ptr_l)
c:/program files (x86)/gnu tools arm embedded/6 2017-q1-update/bin/../lib/gcc/arm-none-eabi/6.3.1/../../../../arm-none-eabi/lib/thumb/v7-m\libg.a(lib_a-mbtowc_r.o)
                              c:/program files (x86)/gnu tools arm embedded/6 2017-q1-update/bin/../lib/gcc/arm-none-eabi/6.3.1/../../../../arm-none-eabi/lib/thumb/v7-m\libg.a(lib_a-locale.o) (__ascii_mbtowc)
c:/program files (x86)/gnu tools arm embedded/6 2017-q1-update/bin/../lib/gcc/arm-none-eabi/6.3.1/../../../../arm-none-eabi/lib/thumb/v7-m\libg.a(lib_a-wctomb_r.o)
                              c:/program files (x86)/gnu tools arm embedded/6 2017-q1-update/bin/../lib/gcc/arm-none-eabi/6.3.1/../../../../arm-none-eabi/lib/thumb/v7-m\libg.a(lib_a-locale.o) (__ascii_wctomb)
c:/program files (x86)/gnu tools arm embedded/6 2017-q1-update/bin/../lib/gcc/arm-none-eabi/6.3.1/../../../../arm-none-eabi/lib/thumb/v7-m\libg.a(lib_a-ctype_.o)
                              c:/program files (x86)/gnu tools arm embedded/6 2017-q1-update/bin/../lib/gcc/arm-none-eabi/6.3.1/../../../../arm-none-eabi/lib/thumb/v7-m\libg.a(lib_a-locale.o) (_ctype_)

Allocating common symbols
Common symbol       size              file

pin_list            0x50              ..\obj\gpio.o
prv_dmd             0x3048            ..\obj\dmd.o
TimerPeriod1        0x2               ..\obj\dma.o
TIM_OCInitStructure
                    0x10              ..\obj\dma.o
dmd                 0x4               ..\obj\main.o

Discarded input sections

 .text          0x00000000        0x0 ..\obj\stm32f10x_rtc.o
 .data          0x00000000        0x0 ..\obj\stm32f10x_rtc.o
 .bss           0x00000000        0x0 ..\obj\stm32f10x_rtc.o
 .text.RTC_ITConfig
                0x00000000       0x4c ..\obj\stm32f10x_rtc.o
 .text.RTC_EnterConfigMode
                0x00000000       0x20 ..\obj\stm32f10x_rtc.o
 .text.RTC_ExitConfigMode
                0x00000000       0x20 ..\obj\stm32f10x_rtc.o
 .text.RTC_GetCounter
                0x00000000       0x2c ..\obj\stm32f10x_rtc.o
 .text.RTC_SetCounter
                0x00000000       0x30 ..\obj\stm32f10x_rtc.o
 .text.RTC_SetPrescaler
                0x00000000       0x34 ..\obj\stm32f10x_rtc.o
 .text.RTC_SetAlarm
                0x00000000       0x30 ..\obj\stm32f10x_rtc.o
 .text.RTC_GetDivider
                0x00000000       0x38 ..\obj\stm32f10x_rtc.o
 .text.RTC_WaitForLastTask
                0x00000000       0x20 ..\obj\stm32f10x_rtc.o
 .text.RTC_WaitForSynchro
                0x00000000       0x30 ..\obj\stm32f10x_rtc.o
 .text.RTC_GetFlagStatus
                0x00000000       0x38 ..\obj\stm32f10x_rtc.o
 .text.RTC_ClearFlag
                0x00000000       0x2c ..\obj\stm32f10x_rtc.o
 .text.RTC_GetITStatus
                0x00000000       0x50 ..\obj\stm32f10x_rtc.o
 .text.RTC_ClearITPendingBit
                0x00000000       0x2c ..\obj\stm32f10x_rtc.o
 .debug_info    0x00000000      0x443 ..\obj\stm32f10x_rtc.o
 .debug_abbrev  0x00000000      0x19e ..\obj\stm32f10x_rtc.o
 .debug_aranges
                0x00000000       0x88 ..\obj\stm32f10x_rtc.o
 .debug_ranges  0x00000000       0x78 ..\obj\stm32f10x_rtc.o
 .debug_line    0x00000000      0x2fe ..\obj\stm32f10x_rtc.o
 .debug_str     0x00000000      0x3be ..\obj\stm32f10x_rtc.o
 .comment       0x00000000       0x80 ..\obj\stm32f10x_rtc.o
 .debug_frame   0x00000000      0x214 ..\obj\stm32f10x_rtc.o
 .ARM.attributes
                0x00000000       0x33 ..\obj\stm32f10x_rtc.o
 .text          0x00000000        0x0 ..\obj\dmd.o
 .data          0x00000000        0x0 ..\obj\dmd.o
 .bss           0x00000000        0x0 ..\obj\dmd.o
 .text.drawStringExtended
                0x00000000      0x27c ..\obj\dmd.o
 .text.drawString
                0x00000000       0x98 ..\obj\dmd.o
 .text.drawLine
                0x00000000      0x118 ..\obj\dmd.o
 .text.drawCircle
                0x00000000       0x9e ..\obj\dmd.o
 .text.drawCircleSub
                0x00000000       0x18 ..\obj\dmd.o
 .text.drawBox  0x00000000       0x18 ..\obj\dmd.o
 .text.drawFilledBox
                0x00000000       0x48 ..\obj\dmd.o
 .text.selectFont
                0x00000000       0x2c ..\obj\dmd.o
 .text.drawChar
                0x00000000      0x2a8 ..\obj\dmd.o
 .text.charWidth
                0x00000000       0xba ..\obj\dmd.o
 .text.StringWidth
                0x00000000       0x44 ..\obj\dmd.o
 .text.FillDisplay
                0x00000000       0x58 ..\obj\dmd.o
 .text          0x00000000        0x0 ..\obj\stm32f10x_tim.o
 .data          0x00000000        0x0 ..\obj\stm32f10x_tim.o
 .bss           0x00000000        0x0 ..\obj\stm32f10x_tim.o
 .text.TIM_OC1Init
                0x00000000      0x118 ..\obj\stm32f10x_tim.o
 .text.TIM_OC4Init
                0x00000000       0xd0 ..\obj\stm32f10x_tim.o
 .text.TIM_ICInit
                0x00000000       0xa8 ..\obj\stm32f10x_tim.o
 .text.TIM_PWMIConfig
                0x00000000       0xb8 ..\obj\stm32f10x_tim.o
 .text.TIM_BDTRConfig
                0x00000000       0x4e ..\obj\stm32f10x_tim.o
 .text.TIM_TimeBaseStructInit
                0x00000000       0x32 ..\obj\stm32f10x_tim.o
 .text.TIM_OCStructInit
                0x00000000       0x42 ..\obj\stm32f10x_tim.o
 .text.TIM_ICStructInit
                0x00000000       0x30 ..\obj\stm32f10x_tim.o
 .text.TIM_BDTRStructInit
                0x00000000       0x3c ..\obj\stm32f10x_tim.o
 .text.TIM_GenerateEvent
                0x00000000       0x1c ..\obj\stm32f10x_tim.o
 .text.TIM_DMAConfig
                0x00000000       0x28 ..\obj\stm32f10x_tim.o
 .text.TIM_InternalClockConfig
                0x00000000       0x22 ..\obj\stm32f10x_tim.o
 .text.TIM_ITRxExternalClockConfig
                0x00000000       0x2e ..\obj\stm32f10x_tim.o
 .text.TIM_TIxExternalClockConfig
                0x00000000       0x5c ..\obj\stm32f10x_tim.o
 .text.TIM_ETRClockMode1Config
                0x00000000       0x5e ..\obj\stm32f10x_tim.o
 .text.TIM_ETRClockMode2Config
                0x00000000       0x3e ..\obj\stm32f10x_tim.o
 .text.TIM_ETRConfig
                0x00000000       0x52 ..\obj\stm32f10x_tim.o
 .text.TIM_PrescalerConfig
                0x00000000       0x26 ..\obj\stm32f10x_tim.o
 .text.TIM_CounterModeConfig
                0x00000000       0x36 ..\obj\stm32f10x_tim.o
 .text.TIM_SelectInputTrigger
                0x00000000       0x36 ..\obj\stm32f10x_tim.o
 .text.TIM_EncoderInterfaceConfig
                0x00000000       0x96 ..\obj\stm32f10x_tim.o
 .text.TIM_ForcedOC1Config
                0x00000000       0x36 ..\obj\stm32f10x_tim.o
 .text.TIM_ForcedOC2Config
                0x00000000       0x3a ..\obj\stm32f10x_tim.o
 .text.TIM_ForcedOC3Config
                0x00000000       0x36 ..\obj\stm32f10x_tim.o
 .text.TIM_ForcedOC4Config
                0x00000000       0x3a ..\obj\stm32f10x_tim.o
 .text.TIM_ARRPreloadConfig
                0x00000000       0x3e ..\obj\stm32f10x_tim.o
 .text.TIM_SelectCOM
                0x00000000       0x3e ..\obj\stm32f10x_tim.o
 .text.TIM_SelectCCDMA
                0x00000000       0x3e ..\obj\stm32f10x_tim.o
 .text.TIM_CCPreloadControl
                0x00000000       0x3e ..\obj\stm32f10x_tim.o
 .text.TIM_OC1PreloadConfig
                0x00000000       0x36 ..\obj\stm32f10x_tim.o
 .text.TIM_OC2PreloadConfig
                0x00000000       0x3a ..\obj\stm32f10x_tim.o
 .text.TIM_OC3PreloadConfig
                0x00000000       0x36 ..\obj\stm32f10x_tim.o
 .text.TIM_OC4PreloadConfig
                0x00000000       0x3a ..\obj\stm32f10x_tim.o
 .text.TIM_OC1FastConfig
                0x00000000       0x36 ..\obj\stm32f10x_tim.o
 .text.TIM_OC2FastConfig
                0x00000000       0x3a ..\obj\stm32f10x_tim.o
 .text.TIM_OC3FastConfig
                0x00000000       0x36 ..\obj\stm32f10x_tim.o
 .text.TIM_OC4FastConfig
                0x00000000       0x3a ..\obj\stm32f10x_tim.o
 .text.TIM_ClearOC1Ref
                0x00000000       0x36 ..\obj\stm32f10x_tim.o
 .text.TIM_ClearOC2Ref
                0x00000000       0x3a ..\obj\stm32f10x_tim.o
 .text.TIM_ClearOC3Ref
                0x00000000       0x36 ..\obj\stm32f10x_tim.o
 .text.TIM_ClearOC4Ref
                0x00000000       0x3a ..\obj\stm32f10x_tim.o
 .text.TIM_OC1PolarityConfig
                0x00000000       0x36 ..\obj\stm32f10x_tim.o
 .text.TIM_OC1NPolarityConfig
                0x00000000       0x36 ..\obj\stm32f10x_tim.o
 .text.TIM_OC2PolarityConfig
                0x00000000       0x3a ..\obj\stm32f10x_tim.o
 .text.TIM_OC2NPolarityConfig
                0x00000000       0x3a ..\obj\stm32f10x_tim.o
 .text.TIM_OC3PolarityConfig
                0x00000000       0x3a ..\obj\stm32f10x_tim.o
 .text.TIM_OC3NPolarityConfig
                0x00000000       0x3a ..\obj\stm32f10x_tim.o
 .text.TIM_OC4PolarityConfig
                0x00000000       0x3a ..\obj\stm32f10x_tim.o
 .text.TIM_CCxCmd
                0x00000000       0x54 ..\obj\stm32f10x_tim.o
 .text.TIM_CCxNCmd
                0x00000000       0x54 ..\obj\stm32f10x_tim.o
 .text.TIM_SelectOCxM
                0x00000000       0xac ..\obj\stm32f10x_tim.o
 .text.TIM_UpdateDisableConfig
                0x00000000       0x3e ..\obj\stm32f10x_tim.o
 .text.TIM_UpdateRequestConfig
                0x00000000       0x3e ..\obj\stm32f10x_tim.o
 .text.TIM_SelectHallSensor
                0x00000000       0x3e ..\obj\stm32f10x_tim.o
 .text.TIM_SelectOnePulseMode
                0x00000000       0x36 ..\obj\stm32f10x_tim.o
 .text.TIM_SelectOutputTrigger
                0x00000000       0x36 ..\obj\stm32f10x_tim.o
 .text.TIM_SelectSlaveMode
                0x00000000       0x36 ..\obj\stm32f10x_tim.o
 .text.TIM_SelectMasterSlaveMode
                0x00000000       0x36 ..\obj\stm32f10x_tim.o
 .text.TIM_SetCounter
                0x00000000       0x1c ..\obj\stm32f10x_tim.o
 .text.TIM_SetAutoreload
                0x00000000       0x1c ..\obj\stm32f10x_tim.o
 .text.TIM_SetCompare1
                0x00000000       0x1c ..\obj\stm32f10x_tim.o
 .text.TIM_SetCompare2
                0x00000000       0x1c ..\obj\stm32f10x_tim.o
 .text.TIM_SetCompare3
                0x00000000       0x1c ..\obj\stm32f10x_tim.o
 .text.TIM_SetCompare4
                0x00000000       0x1e ..\obj\stm32f10x_tim.o
 .text.TIM_SetIC1Prescaler
                0x00000000       0x36 ..\obj\stm32f10x_tim.o
 .text.TIM_SetIC2Prescaler
                0x00000000       0x3a ..\obj\stm32f10x_tim.o
 .text.TIM_SetIC3Prescaler
                0x00000000       0x36 ..\obj\stm32f10x_tim.o
 .text.TIM_SetIC4Prescaler
                0x00000000       0x3a ..\obj\stm32f10x_tim.o
 .text.TIM_SetClockDivision
                0x00000000       0x36 ..\obj\stm32f10x_tim.o
 .text.TIM_GetCapture1
                0x00000000       0x18 ..\obj\stm32f10x_tim.o
 .text.TIM_GetCapture2
                0x00000000       0x18 ..\obj\stm32f10x_tim.o
 .text.TIM_GetCapture3
                0x00000000       0x18 ..\obj\stm32f10x_tim.o
 .text.TIM_GetCapture4
                0x00000000       0x1a ..\obj\stm32f10x_tim.o
 .text.TIM_GetCounter
                0x00000000       0x18 ..\obj\stm32f10x_tim.o
 .text.TIM_GetPrescaler
                0x00000000       0x18 ..\obj\stm32f10x_tim.o
 .text.TIM_GetFlagStatus
                0x00000000       0x36 ..\obj\stm32f10x_tim.o
 .text.TIM_ClearFlag
                0x00000000       0x20 ..\obj\stm32f10x_tim.o
 .text.TIM_GetITStatus
                0x00000000       0x52 ..\obj\stm32f10x_tim.o
 .text.TI1_Config
                0x00000000       0xe0 ..\obj\stm32f10x_tim.o
 .text.TI2_Config
                0x00000000       0xf4 ..\obj\stm32f10x_tim.o
 .text.TI3_Config
                0x00000000       0xec ..\obj\stm32f10x_tim.o
 .text.TI4_Config
                0x00000000       0xf8 ..\obj\stm32f10x_tim.o
 .text          0x00000000        0x0 ..\obj\system_stm32f10x.o
 .bss           0x00000000        0x0 ..\obj\system_stm32f10x.o
 .text          0x00000000        0x0 ..\obj\startup_stm32f10x_md.o
 .data          0x00000000        0x0 ..\obj\startup_stm32f10x_md.o
 .bss           0x00000000        0x0 ..\obj\startup_stm32f10x_md.o
 .text          0x00000000        0x0 ..\obj\stm32f10x_pwr.o
 .data          0x00000000        0x0 ..\obj\stm32f10x_pwr.o
 .bss           0x00000000        0x0 ..\obj\stm32f10x_pwr.o
 .text.PWR_DeInit
                0x00000000       0x1c ..\obj\stm32f10x_pwr.o
 .text.PWR_BackupAccessCmd
                0x00000000       0x20 ..\obj\stm32f10x_pwr.o
 .text.PWR_PVDCmd
                0x00000000       0x20 ..\obj\stm32f10x_pwr.o
 .text.PWR_PVDLevelConfig
                0x00000000       0x38 ..\obj\stm32f10x_pwr.o
 .text.PWR_WakeUpPinCmd
                0x00000000       0x20 ..\obj\stm32f10x_pwr.o
 .text.PWR_EnterSTOPMode
                0x00000000       0x64 ..\obj\stm32f10x_pwr.o
 .text.PWR_EnterSTANDBYMode
                0x00000000       0x3c ..\obj\stm32f10x_pwr.o
 .text.PWR_GetFlagStatus
                0x00000000       0x34 ..\obj\stm32f10x_pwr.o
 .text.PWR_ClearFlag
                0x00000000       0x24 ..\obj\stm32f10x_pwr.o
 .debug_info    0x00000000      0x4aa ..\obj\stm32f10x_pwr.o
 .debug_abbrev  0x00000000      0x192 ..\obj\stm32f10x_pwr.o
 .debug_aranges
                0x00000000       0x60 ..\obj\stm32f10x_pwr.o
 .debug_ranges  0x00000000       0x50 ..\obj\stm32f10x_pwr.o
 .debug_line    0x00000000      0x2af ..\obj\stm32f10x_pwr.o
 .debug_str     0x00000000      0x33e ..\obj\stm32f10x_pwr.o
 .comment       0x00000000       0x80 ..\obj\stm32f10x_pwr.o
 .debug_frame   0x00000000      0x164 ..\obj\stm32f10x_pwr.o
 .ARM.attributes
                0x00000000       0x33 ..\obj\stm32f10x_pwr.o
 .text          0x00000000        0x0 ..\obj\stm32f10x_gpio.o
 .data          0x00000000        0x0 ..\obj\stm32f10x_gpio.o
 .bss           0x00000000        0x0 ..\obj\stm32f10x_gpio.o
 .text.GPIO_DeInit
                0x00000000       0xe4 ..\obj\stm32f10x_gpio.o
 .text.GPIO_AFIODeInit
                0x00000000       0x18 ..\obj\stm32f10x_gpio.o
 .text.GPIO_StructInit
                0x00000000       0x26 ..\obj\stm32f10x_gpio.o
 .text.GPIO_ReadInputDataBit
                0x00000000       0x32 ..\obj\stm32f10x_gpio.o
 .text.GPIO_ReadInputData
                0x00000000       0x18 ..\obj\stm32f10x_gpio.o
 .text.GPIO_ReadOutputDataBit
                0x00000000       0x32 ..\obj\stm32f10x_gpio.o
 .text.GPIO_ReadOutputData
                0x00000000       0x18 ..\obj\stm32f10x_gpio.o
 .text.GPIO_WriteBit
                0x00000000       0x2e ..\obj\stm32f10x_gpio.o
 .text.GPIO_Write
                0x00000000       0x1c ..\obj\stm32f10x_gpio.o
 .text.GPIO_PinLockConfig
                0x00000000       0x42 ..\obj\stm32f10x_gpio.o
 .text.GPIO_EventOutputConfig
                0x00000000       0x4c ..\obj\stm32f10x_gpio.o
 .text.GPIO_EventOutputCmd
                0x00000000       0x20 ..\obj\stm32f10x_gpio.o
 .text.GPIO_PinRemapConfig
                0x00000000       0xe0 ..\obj\stm32f10x_gpio.o
 .text.GPIO_EXTILineConfig
                0x00000000       0x84 ..\obj\stm32f10x_gpio.o
 .text.GPIO_ETH_MediaInterfaceConfig
                0x00000000       0x1c ..\obj\stm32f10x_gpio.o
 .text          0x00000000        0x0 ..\obj\main.o
 .data          0x00000000        0x0 ..\obj\main.o
 .bss           0x00000000        0x0 ..\obj\main.o
 .text.NVIC_SystemReset
                0x00000000       0x28 ..\obj\main.o
 .text.SplitString
                0x00000000       0x7a ..\obj\main.o
 .text          0x00000000        0x0 ..\obj\font.o
 .data          0x00000000        0x0 ..\obj\font.o
 .bss           0x00000000        0x1 ..\obj\font.o
 .rodata        0x00000000     0x2059 ..\obj\font.o
 .text.FindFont
                0x00000000       0x80 ..\obj\font.o
 .debug_info    0x00000000      0x213 ..\obj\font.o
 .debug_abbrev  0x00000000       0xab ..\obj\font.o
 .debug_aranges
                0x00000000       0x20 ..\obj\font.o
 .debug_ranges  0x00000000       0x10 ..\obj\font.o
 .debug_line    0x00000000      0x1e5 ..\obj\font.o
 .debug_str     0x00000000      0x1d0 ..\obj\font.o
 .comment       0x00000000       0x80 ..\obj\font.o
 .debug_frame   0x00000000       0x38 ..\obj\font.o
 .ARM.attributes
                0x00000000       0x33 ..\obj\font.o
 .text          0x00000000        0x0 ..\obj\stm32f10x_crc.o
 .data          0x00000000        0x0 ..\obj\stm32f10x_crc.o
 .bss           0x00000000        0x0 ..\obj\stm32f10x_crc.o
 .text.CRC_ResetDR
                0x00000000       0x18 ..\obj\stm32f10x_crc.o
 .text.CRC_CalcCRC
                0x00000000       0x20 ..\obj\stm32f10x_crc.o
 .text.CRC_CalcBlockCRC
                0x00000000       0x44 ..\obj\stm32f10x_crc.o
 .text.CRC_GetCRC
                0x00000000       0x14 ..\obj\stm32f10x_crc.o
 .text.CRC_SetIDRegister
                0x00000000       0x20 ..\obj\stm32f10x_crc.o
 .text.CRC_GetIDRegister
                0x00000000       0x18 ..\obj\stm32f10x_crc.o
 .debug_info    0x00000000      0x213 ..\obj\stm32f10x_crc.o
 .debug_abbrev  0x00000000      0x125 ..\obj\stm32f10x_crc.o
 .debug_aranges
                0x00000000       0x48 ..\obj\stm32f10x_crc.o
 .debug_ranges  0x00000000       0x38 ..\obj\stm32f10x_crc.o
 .debug_line    0x00000000      0x252 ..\obj\stm32f10x_crc.o
 .debug_str     0x00000000      0x257 ..\obj\stm32f10x_crc.o
 .comment       0x00000000       0x80 ..\obj\stm32f10x_crc.o
 .debug_frame   0x00000000       0xe8 ..\obj\stm32f10x_crc.o
 .ARM.attributes
                0x00000000       0x33 ..\obj\stm32f10x_crc.o
 .text          0x00000000        0x0 ..\obj\stm32f10x_rcc.o
 .data          0x00000000       0x14 ..\obj\stm32f10x_rcc.o
 .bss           0x00000000        0x0 ..\obj\stm32f10x_rcc.o
 .text.RCC_DeInit
                0x00000000       0x5c ..\obj\stm32f10x_rcc.o
 .text.RCC_HSEConfig
                0x00000000       0x5c ..\obj\stm32f10x_rcc.o
 .text.RCC_WaitForHSEStartUp
                0x00000000       0x50 ..\obj\stm32f10x_rcc.o
 .text.RCC_AdjustHSICalibrationValue
                0x00000000       0x3c ..\obj\stm32f10x_rcc.o
 .text.RCC_HSICmd
                0x00000000       0x20 ..\obj\stm32f10x_rcc.o
 .text.RCC_PLLConfig
                0x00000000       0x3c ..\obj\stm32f10x_rcc.o
 .text.RCC_PLLCmd
                0x00000000       0x20 ..\obj\stm32f10x_rcc.o
 .text.RCC_SYSCLKConfig
                0x00000000       0x38 ..\obj\stm32f10x_rcc.o
 .text.RCC_GetSYSCLKSource
                0x00000000       0x1c ..\obj\stm32f10x_rcc.o
 .text.RCC_HCLKConfig
                0x00000000       0x38 ..\obj\stm32f10x_rcc.o
 .text.RCC_PCLK1Config
                0x00000000       0x38 ..\obj\stm32f10x_rcc.o
 .text.RCC_PCLK2Config
                0x00000000       0x38 ..\obj\stm32f10x_rcc.o
 .text.RCC_ITConfig
                0x00000000       0x4c ..\obj\stm32f10x_rcc.o
 .text.RCC_USBCLKConfig
                0x00000000       0x1c ..\obj\stm32f10x_rcc.o
 .text.RCC_ADCCLKConfig
                0x00000000       0x38 ..\obj\stm32f10x_rcc.o
 .text.RCC_LSEConfig
                0x00000000       0x40 ..\obj\stm32f10x_rcc.o
 .text.RCC_LSICmd
                0x00000000       0x20 ..\obj\stm32f10x_rcc.o
 .text.RCC_RTCCLKConfig
                0x00000000       0x24 ..\obj\stm32f10x_rcc.o
 .text.RCC_RTCCLKCmd
                0x00000000       0x20 ..\obj\stm32f10x_rcc.o
 .text.RCC_GetClocksFreq
                0x00000000      0x160 ..\obj\stm32f10x_rcc.o
 .text.RCC_BackupResetCmd
                0x00000000       0x20 ..\obj\stm32f10x_rcc.o
 .text.RCC_ClockSecuritySystemCmd
                0x00000000       0x20 ..\obj\stm32f10x_rcc.o
 .text.RCC_MCOConfig
                0x00000000       0x20 ..\obj\stm32f10x_rcc.o
 .text.RCC_GetFlagStatus
                0x00000000       0x74 ..\obj\stm32f10x_rcc.o
 .text.RCC_ClearFlag
                0x00000000       0x1c ..\obj\stm32f10x_rcc.o
 .text.RCC_GetITStatus
                0x00000000       0x34 ..\obj\stm32f10x_rcc.o
 .text.RCC_ClearITPendingBit
                0x00000000       0x20 ..\obj\stm32f10x_rcc.o
 .text          0x00000000        0x0 ..\obj\gpio.o
 .data          0x00000000        0x0 ..\obj\gpio.o
 .text.GetPinState
                0x00000000       0x50 ..\obj\gpio.o
 .text.TogglePinState
                0x00000000       0x74 ..\obj\gpio.o
 .text          0x00000000        0x0 ..\obj\stm32f10x_exti.o
 .data          0x00000000        0x0 ..\obj\stm32f10x_exti.o
 .bss           0x00000000        0x0 ..\obj\stm32f10x_exti.o
 .text.EXTI_DeInit
                0x00000000       0x34 ..\obj\stm32f10x_exti.o
 .text.EXTI_Init
                0x00000000       0xe4 ..\obj\stm32f10x_exti.o
 .text.EXTI_StructInit
                0x00000000       0x2a ..\obj\stm32f10x_exti.o
 .text.EXTI_GenerateSWInterrupt
                0x00000000       0x24 ..\obj\stm32f10x_exti.o
 .text.EXTI_GetFlagStatus
                0x00000000       0x34 ..\obj\stm32f10x_exti.o
 .text.EXTI_ClearFlag
                0x00000000       0x1c ..\obj\stm32f10x_exti.o
 .text.EXTI_GetITStatus
                0x00000000       0x48 ..\obj\stm32f10x_exti.o
 .text.EXTI_ClearITPendingBit
                0x00000000       0x1c ..\obj\stm32f10x_exti.o
 .debug_info    0x00000000      0x35c ..\obj\stm32f10x_exti.o
 .debug_abbrev  0x00000000      0x166 ..\obj\stm32f10x_exti.o
 .debug_aranges
                0x00000000       0x58 ..\obj\stm32f10x_exti.o
 .debug_ranges  0x00000000       0x48 ..\obj\stm32f10x_exti.o
 .debug_line    0x00000000      0x2dc ..\obj\stm32f10x_exti.o
 .debug_str     0x00000000      0x365 ..\obj\stm32f10x_exti.o
 .comment       0x00000000       0x80 ..\obj\stm32f10x_exti.o
 .debug_frame   0x00000000      0x148 ..\obj\stm32f10x_exti.o
 .ARM.attributes
                0x00000000       0x33 ..\obj\stm32f10x_exti.o
 .text          0x00000000        0x0 ..\obj\stm32f10x_adc.o
 .data          0x00000000        0x0 ..\obj\stm32f10x_adc.o
 .bss           0x00000000        0x0 ..\obj\stm32f10x_adc.o
 .text.ADC_DeInit
                0x00000000       0x74 ..\obj\stm32f10x_adc.o
 .text.ADC_Init
                0x00000000       0xa4 ..\obj\stm32f10x_adc.o
 .text.ADC_StructInit
                0x00000000       0x36 ..\obj\stm32f10x_adc.o
 .text.ADC_Cmd  0x00000000       0x36 ..\obj\stm32f10x_adc.o
 .text.ADC_DMACmd
                0x00000000       0x36 ..\obj\stm32f10x_adc.o
 .text.ADC_ITConfig
                0x00000000       0x44 ..\obj\stm32f10x_adc.o
 .text.ADC_ResetCalibration
                0x00000000       0x1e ..\obj\stm32f10x_adc.o
 .text.ADC_GetResetCalibrationStatus
                0x00000000       0x2e ..\obj\stm32f10x_adc.o
 .text.ADC_StartCalibration
                0x00000000       0x1e ..\obj\stm32f10x_adc.o
 .text.ADC_GetCalibrationStatus
                0x00000000       0x2e ..\obj\stm32f10x_adc.o
 .text.ADC_SoftwareStartConvCmd
                0x00000000       0x36 ..\obj\stm32f10x_adc.o
 .text.ADC_GetSoftwareStartConvStatus
                0x00000000       0x2e ..\obj\stm32f10x_adc.o
 .text.ADC_DiscModeChannelCountConfig
                0x00000000       0x42 ..\obj\stm32f10x_adc.o
 .text.ADC_DiscModeCmd
                0x00000000       0x36 ..\obj\stm32f10x_adc.o
 .text.ADC_RegularChannelConfig
                0x00000000      0x192 ..\obj\stm32f10x_adc.o
 .text.ADC_ExternalTrigConvCmd
                0x00000000       0x36 ..\obj\stm32f10x_adc.o
 .text.ADC_GetConversionValue
                0x00000000       0x18 ..\obj\stm32f10x_adc.o
 .text.ADC_GetDualModeConversionValue
                0x00000000       0x14 ..\obj\stm32f10x_adc.o
 .text.ADC_AutoInjectedConvCmd
                0x00000000       0x36 ..\obj\stm32f10x_adc.o
 .text.ADC_InjectedDiscModeCmd
                0x00000000       0x36 ..\obj\stm32f10x_adc.o
 .text.ADC_ExternalTrigInjectedConvConfig
                0x00000000       0x34 ..\obj\stm32f10x_adc.o
 .text.ADC_ExternalTrigInjectedConvCmd
                0x00000000       0x36 ..\obj\stm32f10x_adc.o
 .text.ADC_SoftwareStartInjectedConvCmd
                0x00000000       0x36 ..\obj\stm32f10x_adc.o
 .text.ADC_GetSoftwareStartInjectedConvCmdStatus
                0x00000000       0x2e ..\obj\stm32f10x_adc.o
 .text.ADC_InjectedChannelConfig
                0x00000000      0x120 ..\obj\stm32f10x_adc.o
 .text.ADC_InjectedSequencerLengthConfig
                0x00000000       0x42 ..\obj\stm32f10x_adc.o
 .text.ADC_SetInjectedOffset
                0x00000000       0x32 ..\obj\stm32f10x_adc.o
 .text.ADC_GetInjectedConversionValue
                0x00000000       0x2e ..\obj\stm32f10x_adc.o
 .text.ADC_AnalogWatchdogCmd
                0x00000000       0x38 ..\obj\stm32f10x_adc.o
 .text.ADC_AnalogWatchdogThresholdsConfig
                0x00000000       0x26 ..\obj\stm32f10x_adc.o
 .text.ADC_AnalogWatchdogSingleChannelConfig
                0x00000000       0x36 ..\obj\stm32f10x_adc.o
 .text.ADC_TempSensorVrefintCmd
                0x00000000       0x38 ..\obj\stm32f10x_adc.o
 .text.ADC_GetFlagStatus
                0x00000000       0x32 ..\obj\stm32f10x_adc.o
 .text.ADC_ClearFlag
                0x00000000       0x1e ..\obj\stm32f10x_adc.o
 .text.ADC_GetITStatus
                0x00000000       0x54 ..\obj\stm32f10x_adc.o
 .text.ADC_ClearITPendingBit
                0x00000000       0x2a ..\obj\stm32f10x_adc.o
 .debug_info    0x00000000      0xb83 ..\obj\stm32f10x_adc.o
 .debug_abbrev  0x00000000      0x1a9 ..\obj\stm32f10x_adc.o
 .debug_aranges
                0x00000000      0x138 ..\obj\stm32f10x_adc.o
 .debug_ranges  0x00000000      0x128 ..\obj\stm32f10x_adc.o
 .debug_line    0x00000000      0x570 ..\obj\stm32f10x_adc.o
 .debug_str     0x00000000      0x717 ..\obj\stm32f10x_adc.o
 .comment       0x00000000       0x80 ..\obj\stm32f10x_adc.o
 .debug_frame   0x00000000      0x5a4 ..\obj\stm32f10x_adc.o
 .ARM.attributes
                0x00000000       0x33 ..\obj\stm32f10x_adc.o
 .text          0x00000000        0x0 ..\obj\stm32f10x_usart.o
 .data          0x00000000        0x0 ..\obj\stm32f10x_usart.o
 .bss           0x00000000        0x0 ..\obj\stm32f10x_usart.o
 .text.USART_DeInit
                0x00000000       0xb8 ..\obj\stm32f10x_usart.o
 .text.USART_Init
                0x00000000      0x174 ..\obj\stm32f10x_usart.o
 .text.USART_StructInit
                0x00000000       0x38 ..\obj\stm32f10x_usart.o
 .text.USART_ClockInit
                0x00000000       0x56 ..\obj\stm32f10x_usart.o
 .text.USART_ClockStructInit
                0x00000000       0x2a ..\obj\stm32f10x_usart.o
 .text.USART_Cmd
                0x00000000       0x3e ..\obj\stm32f10x_usart.o
 .text.USART_ITConfig
                0x00000000       0x8e ..\obj\stm32f10x_usart.o
 .text.USART_DMACmd
                0x00000000       0x46 ..\obj\stm32f10x_usart.o
 .text.USART_SetAddress
                0x00000000       0x38 ..\obj\stm32f10x_usart.o
 .text.USART_WakeUpConfig
                0x00000000       0x36 ..\obj\stm32f10x_usart.o
 .text.USART_ReceiverWakeUpCmd
                0x00000000       0x3e ..\obj\stm32f10x_usart.o
 .text.USART_LINBreakDetectLengthConfig
                0x00000000       0x36 ..\obj\stm32f10x_usart.o
 .text.USART_LINCmd
                0x00000000       0x3e ..\obj\stm32f10x_usart.o
 .text.USART_SendData
                0x00000000       0x22 ..\obj\stm32f10x_usart.o
 .text.USART_ReceiveData
                0x00000000       0x1e ..\obj\stm32f10x_usart.o
 .text.USART_SendBreak
                0x00000000       0x22 ..\obj\stm32f10x_usart.o
 .text.USART_SetGuardTime
                0x00000000       0x3a ..\obj\stm32f10x_usart.o
 .text.USART_SetPrescaler
                0x00000000       0x38 ..\obj\stm32f10x_usart.o
 .text.USART_SmartCardCmd
                0x00000000       0x3e ..\obj\stm32f10x_usart.o
 .text.USART_SmartCardNACKCmd
                0x00000000       0x3e ..\obj\stm32f10x_usart.o
 .text.USART_HalfDuplexCmd
                0x00000000       0x3e ..\obj\stm32f10x_usart.o
 .text.USART_OverSampling8Cmd
                0x00000000       0x42 ..\obj\stm32f10x_usart.o
 .text.USART_OneBitMethodCmd
                0x00000000       0x3e ..\obj\stm32f10x_usart.o
 .text.USART_IrDAConfig
                0x00000000       0x36 ..\obj\stm32f10x_usart.o
 .text.USART_IrDACmd
                0x00000000       0x3e ..\obj\stm32f10x_usart.o
 .text.USART_GetFlagStatus
                0x00000000       0x36 ..\obj\stm32f10x_usart.o
 .text.USART_ClearFlag
                0x00000000       0x20 ..\obj\stm32f10x_usart.o
 .text.USART_GetITStatus
                0x00000000       0xb4 ..\obj\stm32f10x_usart.o
 .text.USART_ClearITPendingBit
                0x00000000       0x38 ..\obj\stm32f10x_usart.o
 .debug_info    0x00000000      0x9f7 ..\obj\stm32f10x_usart.o
 .debug_abbrev  0x00000000      0x18d ..\obj\stm32f10x_usart.o
 .debug_aranges
                0x00000000      0x100 ..\obj\stm32f10x_usart.o
 .debug_ranges  0x00000000       0xf0 ..\obj\stm32f10x_usart.o
 .debug_line    0x00000000      0x4e8 ..\obj\stm32f10x_usart.o
 .debug_str     0x00000000      0x6ac ..\obj\stm32f10x_usart.o
 .comment       0x00000000       0x80 ..\obj\stm32f10x_usart.o
 .debug_frame   0x00000000      0x490 ..\obj\stm32f10x_usart.o
 .ARM.attributes
                0x00000000       0x33 ..\obj\stm32f10x_usart.o
 .text          0x00000000        0x0 ..\obj\stm32f10x_dma.o
 .data          0x00000000        0x0 ..\obj\stm32f10x_dma.o
 .bss           0x00000000        0x0 ..\obj\stm32f10x_dma.o
 .text.DMA_StructInit
                0x00000000       0x54 ..\obj\stm32f10x_dma.o
 .text.DMA_SetCurrDataCounter
                0x00000000       0x1c ..\obj\stm32f10x_dma.o
 .text.DMA_GetCurrDataCounter
                0x00000000       0x18 ..\obj\stm32f10x_dma.o
 .text.DMA_GetFlagStatus
                0x00000000       0x50 ..\obj\stm32f10x_dma.o
 .text.DMA_ClearFlag
                0x00000000       0x34 ..\obj\stm32f10x_dma.o
 .text.DMA_GetITStatus
                0x00000000       0x50 ..\obj\stm32f10x_dma.o
 .text          0x00000000        0x0 ..\obj\stm32f10x_i2c.o
 .data          0x00000000        0x0 ..\obj\stm32f10x_i2c.o
 .bss           0x00000000        0x0 ..\obj\stm32f10x_i2c.o
 .text.I2C_DeInit
                0x00000000       0x48 ..\obj\stm32f10x_i2c.o
 .text.I2C_Init
                0x00000000      0x184 ..\obj\stm32f10x_i2c.o
 .text.I2C_StructInit
                0x00000000       0x3c ..\obj\stm32f10x_i2c.o
 .text.I2C_Cmd  0x00000000       0x3e ..\obj\stm32f10x_i2c.o
 .text.I2C_DMACmd
                0x00000000       0x3e ..\obj\stm32f10x_i2c.o
 .text.I2C_DMALastTransferCmd
                0x00000000       0x3e ..\obj\stm32f10x_i2c.o
 .text.I2C_GenerateSTART
                0x00000000       0x3e ..\obj\stm32f10x_i2c.o
 .text.I2C_GenerateSTOP
                0x00000000       0x3e ..\obj\stm32f10x_i2c.o
 .text.I2C_AcknowledgeConfig
                0x00000000       0x3e ..\obj\stm32f10x_i2c.o
 .text.I2C_OwnAddress2Config
                0x00000000       0x42 ..\obj\stm32f10x_i2c.o
 .text.I2C_DualAddressCmd
                0x00000000       0x3e ..\obj\stm32f10x_i2c.o
 .text.I2C_GeneralCallCmd
                0x00000000       0x3e ..\obj\stm32f10x_i2c.o
 .text.I2C_ITConfig
                0x00000000       0x46 ..\obj\stm32f10x_i2c.o
 .text.I2C_SendData
                0x00000000       0x1e ..\obj\stm32f10x_i2c.o
 .text.I2C_ReceiveData
                0x00000000       0x1a ..\obj\stm32f10x_i2c.o
 .text.I2C_Send7bitAddress
                0x00000000       0x3a ..\obj\stm32f10x_i2c.o
 .text.I2C_ReadRegister
                0x00000000       0x2c ..\obj\stm32f10x_i2c.o
 .text.I2C_SoftwareResetCmd
                0x00000000       0x42 ..\obj\stm32f10x_i2c.o
 .text.I2C_NACKPositionConfig
                0x00000000       0x40 ..\obj\stm32f10x_i2c.o
 .text.I2C_SMBusAlertConfig
                0x00000000       0x40 ..\obj\stm32f10x_i2c.o
 .text.I2C_TransmitPEC
                0x00000000       0x3e ..\obj\stm32f10x_i2c.o
 .text.I2C_PECPositionConfig
                0x00000000       0x40 ..\obj\stm32f10x_i2c.o
 .text.I2C_CalculatePEC
                0x00000000       0x3e ..\obj\stm32f10x_i2c.o
 .text.I2C_GetPEC
                0x00000000       0x1e ..\obj\stm32f10x_i2c.o
 .text.I2C_ARPCmd
                0x00000000       0x3e ..\obj\stm32f10x_i2c.o
 .text.I2C_StretchClockCmd
                0x00000000       0x3e ..\obj\stm32f10x_i2c.o
 .text.I2C_FastModeDutyCycleConfig
                0x00000000       0x40 ..\obj\stm32f10x_i2c.o
 .text.I2C_CheckEvent
                0x00000000       0x5e ..\obj\stm32f10x_i2c.o
 .text.I2C_GetLastEvent
                0x00000000       0x42 ..\obj\stm32f10x_i2c.o
 .text.I2C_GetFlagStatus
                0x00000000       0x64 ..\obj\stm32f10x_i2c.o
 .text.I2C_ClearFlag
                0x00000000       0x2c ..\obj\stm32f10x_i2c.o
 .text.I2C_GetITStatus
                0x00000000       0x58 ..\obj\stm32f10x_i2c.o
 .text.I2C_ClearITPendingBit
                0x00000000       0x2c ..\obj\stm32f10x_i2c.o
 .debug_info    0x00000000      0xb13 ..\obj\stm32f10x_i2c.o
 .debug_abbrev  0x00000000      0x18f ..\obj\stm32f10x_i2c.o
 .debug_aranges
                0x00000000      0x120 ..\obj\stm32f10x_i2c.o
 .debug_ranges  0x00000000      0x110 ..\obj\stm32f10x_i2c.o
 .debug_line    0x00000000      0x51b ..\obj\stm32f10x_i2c.o
 .debug_str     0x00000000      0x682 ..\obj\stm32f10x_i2c.o
 .comment       0x00000000       0x80 ..\obj\stm32f10x_i2c.o
 .debug_frame   0x00000000      0x530 ..\obj\stm32f10x_i2c.o
 .ARM.attributes
                0x00000000       0x33 ..\obj\stm32f10x_i2c.o
 .text          0x00000000        0x0 ..\obj\dma.o
 .text          0x00000000        0x0 ..\obj\stm32f10x_bkp.o
 .data          0x00000000        0x0 ..\obj\stm32f10x_bkp.o
 .bss           0x00000000        0x0 ..\obj\stm32f10x_bkp.o
 .text.BKP_DeInit
                0x00000000       0x14 ..\obj\stm32f10x_bkp.o
 .text.BKP_TamperPinLevelConfig
                0x00000000       0x20 ..\obj\stm32f10x_bkp.o
 .text.BKP_TamperPinCmd
                0x00000000       0x20 ..\obj\stm32f10x_bkp.o
 .text.BKP_ITConfig
                0x00000000       0x20 ..\obj\stm32f10x_bkp.o
 .text.BKP_RTCOutputConfig
                0x00000000       0x38 ..\obj\stm32f10x_bkp.o
 .text.BKP_SetRTCCalibrationValue
                0x00000000       0x3c ..\obj\stm32f10x_bkp.o
 .text.BKP_WriteBackupRegister
                0x00000000       0x38 ..\obj\stm32f10x_bkp.o
 .text.BKP_ReadBackupRegister
                0x00000000       0x30 ..\obj\stm32f10x_bkp.o
 .text.BKP_GetFlagStatus
                0x00000000       0x18 ..\obj\stm32f10x_bkp.o
 .text.BKP_ClearFlag
                0x00000000       0x20 ..\obj\stm32f10x_bkp.o
 .text.BKP_GetITStatus
                0x00000000       0x18 ..\obj\stm32f10x_bkp.o
 .text.BKP_ClearITPendingBit
                0x00000000       0x20 ..\obj\stm32f10x_bkp.o
 .debug_info    0x00000000      0x7b0 ..\obj\stm32f10x_bkp.o
 .debug_abbrev  0x00000000      0x176 ..\obj\stm32f10x_bkp.o
 .debug_aranges
                0x00000000       0x78 ..\obj\stm32f10x_bkp.o
 .debug_ranges  0x00000000       0x68 ..\obj\stm32f10x_bkp.o
 .debug_line    0x00000000      0x2b9 ..\obj\stm32f10x_bkp.o
 .debug_str     0x00000000      0x5d1 ..\obj\stm32f10x_bkp.o
 .comment       0x00000000       0x80 ..\obj\stm32f10x_bkp.o
 .debug_frame   0x00000000      0x1c4 ..\obj\stm32f10x_bkp.o
 .ARM.attributes
                0x00000000       0x33 ..\obj\stm32f10x_bkp.o
 .text          0x00000000        0x0 ..\obj\stm32f10x_iwdg.o
 .data          0x00000000        0x0 ..\obj\stm32f10x_iwdg.o
 .bss           0x00000000        0x0 ..\obj\stm32f10x_iwdg.o
 .text.IWDG_WriteAccessCmd
                0x00000000       0x20 ..\obj\stm32f10x_iwdg.o
 .text.IWDG_SetPrescaler
                0x00000000       0x20 ..\obj\stm32f10x_iwdg.o
 .text.IWDG_SetReload
                0x00000000       0x20 ..\obj\stm32f10x_iwdg.o
 .text.IWDG_Enable
                0x00000000       0x18 ..\obj\stm32f10x_iwdg.o
 .text.IWDG_GetFlagStatus
                0x00000000       0x34 ..\obj\stm32f10x_iwdg.o
 .text          0x00000000        0x0 c:/program files (x86)/gnu tools arm embedded/6 2017-q1-update/bin/../lib/gcc/arm-none-eabi/6.3.1/../../../../arm-none-eabi/lib/thumb/v7-m\libg.a(lib_a-atoi.o)
 .data          0x00000000        0x0 c:/program files (x86)/gnu tools arm embedded/6 2017-q1-update/bin/../lib/gcc/arm-none-eabi/6.3.1/../../../../arm-none-eabi/lib/thumb/v7-m\libg.a(lib_a-atoi.o)
 .bss           0x00000000        0x0 c:/program files (x86)/gnu tools arm embedded/6 2017-q1-update/bin/../lib/gcc/arm-none-eabi/6.3.1/../../../../arm-none-eabi/lib/thumb/v7-m\libg.a(lib_a-atoi.o)
 .text.atoi     0x00000000        0x8 c:/program files (x86)/gnu tools arm embedded/6 2017-q1-update/bin/../lib/gcc/arm-none-eabi/6.3.1/../../../../arm-none-eabi/lib/thumb/v7-m\libg.a(lib_a-atoi.o)
 .text._atoi_r  0x00000000        0x8 c:/program files (x86)/gnu tools arm embedded/6 2017-q1-update/bin/../lib/gcc/arm-none-eabi/6.3.1/../../../../arm-none-eabi/lib/thumb/v7-m\libg.a(lib_a-atoi.o)
 .debug_frame   0x00000000       0x30 c:/program files (x86)/gnu tools arm embedded/6 2017-q1-update/bin/../lib/gcc/arm-none-eabi/6.3.1/../../../../arm-none-eabi/lib/thumb/v7-m\libg.a(lib_a-atoi.o)
 .ARM.attributes
                0x00000000       0x2d c:/program files (x86)/gnu tools arm embedded/6 2017-q1-update/bin/../lib/gcc/arm-none-eabi/6.3.1/../../../../arm-none-eabi/lib/thumb/v7-m\libg.a(lib_a-atoi.o)
 .text          0x00000000        0x0 c:/program files (x86)/gnu tools arm embedded/6 2017-q1-update/bin/../lib/gcc/arm-none-eabi/6.3.1/../../../../arm-none-eabi/lib/thumb/v7-m\libg.a(lib_a-memset.o)
 .data          0x00000000        0x0 c:/program files (x86)/gnu tools arm embedded/6 2017-q1-update/bin/../lib/gcc/arm-none-eabi/6.3.1/../../../../arm-none-eabi/lib/thumb/v7-m\libg.a(lib_a-memset.o)
 .bss           0x00000000        0x0 c:/program files (x86)/gnu tools arm embedded/6 2017-q1-update/bin/../lib/gcc/arm-none-eabi/6.3.1/../../../../arm-none-eabi/lib/thumb/v7-m\libg.a(lib_a-memset.o)
 .text.memset   0x00000000       0x9c c:/program files (x86)/gnu tools arm embedded/6 2017-q1-update/bin/../lib/gcc/arm-none-eabi/6.3.1/../../../../arm-none-eabi/lib/thumb/v7-m\libg.a(lib_a-memset.o)
 .debug_frame   0x00000000       0x34 c:/program files (x86)/gnu tools arm embedded/6 2017-q1-update/bin/../lib/gcc/arm-none-eabi/6.3.1/../../../../arm-none-eabi/lib/thumb/v7-m\libg.a(lib_a-memset.o)
 .ARM.attributes
                0x00000000       0x2d c:/program files (x86)/gnu tools arm embedded/6 2017-q1-update/bin/../lib/gcc/arm-none-eabi/6.3.1/../../../../arm-none-eabi/lib/thumb/v7-m\libg.a(lib_a-memset.o)
 .text          0x00000000      0x1bc c:/program files (x86)/gnu tools arm embedded/6 2017-q1-update/bin/../lib/gcc/arm-none-eabi/6.3.1/../../../../arm-none-eabi/lib/thumb/v7-m\libg.a(lib_a-strcmp.o)
 .data          0x00000000        0x0 c:/program files (x86)/gnu tools arm embedded/6 2017-q1-update/bin/../lib/gcc/arm-none-eabi/6.3.1/../../../../arm-none-eabi/lib/thumb/v7-m\libg.a(lib_a-strcmp.o)
 .bss           0x00000000        0x0 c:/program files (x86)/gnu tools arm embedded/6 2017-q1-update/bin/../lib/gcc/arm-none-eabi/6.3.1/../../../../arm-none-eabi/lib/thumb/v7-m\libg.a(lib_a-strcmp.o)
 .debug_frame   0x00000000       0x34 c:/program files (x86)/gnu tools arm embedded/6 2017-q1-update/bin/../lib/gcc/arm-none-eabi/6.3.1/../../../../arm-none-eabi/lib/thumb/v7-m\libg.a(lib_a-strcmp.o)
 .ARM.attributes
                0x00000000       0x1b c:/program files (x86)/gnu tools arm embedded/6 2017-q1-update/bin/../lib/gcc/arm-none-eabi/6.3.1/../../../../arm-none-eabi/lib/thumb/v7-m\libg.a(lib_a-strcmp.o)
 .text          0x00000000        0x0 c:/program files (x86)/gnu tools arm embedded/6 2017-q1-update/bin/../lib/gcc/arm-none-eabi/6.3.1/../../../../arm-none-eabi/lib/thumb/v7-m\libg.a(lib_a-strtol.o)
 .data          0x00000000        0x0 c:/program files (x86)/gnu tools arm embedded/6 2017-q1-update/bin/../lib/gcc/arm-none-eabi/6.3.1/../../../../arm-none-eabi/lib/thumb/v7-m\libg.a(lib_a-strtol.o)
 .bss           0x00000000        0x0 c:/program files (x86)/gnu tools arm embedded/6 2017-q1-update/bin/../lib/gcc/arm-none-eabi/6.3.1/../../../../arm-none-eabi/lib/thumb/v7-m\libg.a(lib_a-strtol.o)
 .text._strtol_l.isra.0
                0x00000000      0x128 c:/program files (x86)/gnu tools arm embedded/6 2017-q1-update/bin/../lib/gcc/arm-none-eabi/6.3.1/../../../../arm-none-eabi/lib/thumb/v7-m\libg.a(lib_a-strtol.o)
 .text._strtol_r
                0x00000000       0x24 c:/program files (x86)/gnu tools arm embedded/6 2017-q1-update/bin/../lib/gcc/arm-none-eabi/6.3.1/../../../../arm-none-eabi/lib/thumb/v7-m\libg.a(lib_a-strtol.o)
 .text.strtol_l
                0x00000000       0x20 c:/program files (x86)/gnu tools arm embedded/6 2017-q1-update/bin/../lib/gcc/arm-none-eabi/6.3.1/../../../../arm-none-eabi/lib/thumb/v7-m\libg.a(lib_a-strtol.o)
 .text.strtol   0x00000000       0x2c c:/program files (x86)/gnu tools arm embedded/6 2017-q1-update/bin/../lib/gcc/arm-none-eabi/6.3.1/../../../../arm-none-eabi/lib/thumb/v7-m\libg.a(lib_a-strtol.o)
 .debug_frame   0x00000000       0x9c c:/program files (x86)/gnu tools arm embedded/6 2017-q1-update/bin/../lib/gcc/arm-none-eabi/6.3.1/../../../../arm-none-eabi/lib/thumb/v7-m\libg.a(lib_a-strtol.o)
 .ARM.attributes
                0x00000000       0x2d c:/program files (x86)/gnu tools arm embedded/6 2017-q1-update/bin/../lib/gcc/arm-none-eabi/6.3.1/../../../../arm-none-eabi/lib/thumb/v7-m\libg.a(lib_a-strtol.o)
 .text          0x00000000        0x0 c:/program files (x86)/gnu tools arm embedded/6 2017-q1-update/bin/../lib/gcc/arm-none-eabi/6.3.1/../../../../arm-none-eabi/lib/thumb/v7-m\libg.a(lib_a-impure.o)
 .data          0x00000000        0x0 c:/program files (x86)/gnu tools arm embedded/6 2017-q1-update/bin/../lib/gcc/arm-none-eabi/6.3.1/../../../../arm-none-eabi/lib/thumb/v7-m\libg.a(lib_a-impure.o)
 .bss           0x00000000        0x0 c:/program files (x86)/gnu tools arm embedded/6 2017-q1-update/bin/../lib/gcc/arm-none-eabi/6.3.1/../../../../arm-none-eabi/lib/thumb/v7-m\libg.a(lib_a-impure.o)
 .data._impure_ptr
                0x00000000        0x4 c:/program files (x86)/gnu tools arm embedded/6 2017-q1-update/bin/../lib/gcc/arm-none-eabi/6.3.1/../../../../arm-none-eabi/lib/thumb/v7-m\libg.a(lib_a-impure.o)
 .data.impure_data
                0x00000000      0x428 c:/program files (x86)/gnu tools arm embedded/6 2017-q1-update/bin/../lib/gcc/arm-none-eabi/6.3.1/../../../../arm-none-eabi/lib/thumb/v7-m\libg.a(lib_a-impure.o)
 .rodata._global_impure_ptr
                0x00000000        0x4 c:/program files (x86)/gnu tools arm embedded/6 2017-q1-update/bin/../lib/gcc/arm-none-eabi/6.3.1/../../../../arm-none-eabi/lib/thumb/v7-m\libg.a(lib_a-impure.o)
 .ARM.attributes
                0x00000000       0x2d c:/program files (x86)/gnu tools arm embedded/6 2017-q1-update/bin/../lib/gcc/arm-none-eabi/6.3.1/../../../../arm-none-eabi/lib/thumb/v7-m\libg.a(lib_a-impure.o)
 .text          0x00000000        0x0 c:/program files (x86)/gnu tools arm embedded/6 2017-q1-update/bin/../lib/gcc/arm-none-eabi/6.3.1/../../../../arm-none-eabi/lib/thumb/v7-m\libg.a(lib_a-locale.o)
 .data          0x00000000        0x0 c:/program files (x86)/gnu tools arm embedded/6 2017-q1-update/bin/../lib/gcc/arm-none-eabi/6.3.1/../../../../arm-none-eabi/lib/thumb/v7-m\libg.a(lib_a-locale.o)
 .bss           0x00000000        0x0 c:/program files (x86)/gnu tools arm embedded/6 2017-q1-update/bin/../lib/gcc/arm-none-eabi/6.3.1/../../../../arm-none-eabi/lib/thumb/v7-m\libg.a(lib_a-locale.o)
 .text._setlocale_r
                0x00000000       0x40 c:/program files (x86)/gnu tools arm embedded/6 2017-q1-update/bin/../lib/gcc/arm-none-eabi/6.3.1/../../../../arm-none-eabi/lib/thumb/v7-m\libg.a(lib_a-locale.o)
 .text.__locale_mb_cur_max
                0x00000000       0x1c c:/program files (x86)/gnu tools arm embedded/6 2017-q1-update/bin/../lib/gcc/arm-none-eabi/6.3.1/../../../../arm-none-eabi/lib/thumb/v7-m\libg.a(lib_a-locale.o)
 .text.__locale_ctype_ptr_l
                0x00000000        0x8 c:/program files (x86)/gnu tools arm embedded/6 2017-q1-update/bin/../lib/gcc/arm-none-eabi/6.3.1/../../../../arm-none-eabi/lib/thumb/v7-m\libg.a(lib_a-locale.o)
 .text.__locale_ctype_ptr
                0x00000000       0x1c c:/program files (x86)/gnu tools arm embedded/6 2017-q1-update/bin/../lib/gcc/arm-none-eabi/6.3.1/../../../../arm-none-eabi/lib/thumb/v7-m\libg.a(lib_a-locale.o)
 .text.setlocale
                0x00000000       0x10 c:/program files (x86)/gnu tools arm embedded/6 2017-q1-update/bin/../lib/gcc/arm-none-eabi/6.3.1/../../../../arm-none-eabi/lib/thumb/v7-m\libg.a(lib_a-locale.o)
 .bss._PathLocale
                0x00000000        0x4 c:/program files (x86)/gnu tools arm embedded/6 2017-q1-update/bin/../lib/gcc/arm-none-eabi/6.3.1/../../../../arm-none-eabi/lib/thumb/v7-m\libg.a(lib_a-locale.o)
 .data.__global_locale
                0x00000000      0x16c c:/program files (x86)/gnu tools arm embedded/6 2017-q1-update/bin/../lib/gcc/arm-none-eabi/6.3.1/../../../../arm-none-eabi/lib/thumb/v7-m\libg.a(lib_a-locale.o)
 .rodata._setlocale_r.str1.4
                0x00000000        0xd c:/program files (x86)/gnu tools arm embedded/6 2017-q1-update/bin/../lib/gcc/arm-none-eabi/6.3.1/../../../../arm-none-eabi/lib/thumb/v7-m\libg.a(lib_a-locale.o)
 .rodata.str1.4
                0x00000000        0x2 c:/program files (x86)/gnu tools arm embedded/6 2017-q1-update/bin/../lib/gcc/arm-none-eabi/6.3.1/../../../../arm-none-eabi/lib/thumb/v7-m\libg.a(lib_a-locale.o)
 .debug_frame   0x00000000       0x6c c:/program files (x86)/gnu tools arm embedded/6 2017-q1-update/bin/../lib/gcc/arm-none-eabi/6.3.1/../../../../arm-none-eabi/lib/thumb/v7-m\libg.a(lib_a-locale.o)
 .ARM.attributes
                0x00000000       0x2d c:/program files (x86)/gnu tools arm embedded/6 2017-q1-update/bin/../lib/gcc/arm-none-eabi/6.3.1/../../../../arm-none-eabi/lib/thumb/v7-m\libg.a(lib_a-locale.o)
 .text          0x00000000        0x0 c:/program files (x86)/gnu tools arm embedded/6 2017-q1-update/bin/../lib/gcc/arm-none-eabi/6.3.1/../../../../arm-none-eabi/lib/thumb/v7-m\libg.a(lib_a-mbtowc_r.o)
 .data          0x00000000        0x0 c:/program files (x86)/gnu tools arm embedded/6 2017-q1-update/bin/../lib/gcc/arm-none-eabi/6.3.1/../../../../arm-none-eabi/lib/thumb/v7-m\libg.a(lib_a-mbtowc_r.o)
 .bss           0x00000000        0x0 c:/program files (x86)/gnu tools arm embedded/6 2017-q1-update/bin/../lib/gcc/arm-none-eabi/6.3.1/../../../../arm-none-eabi/lib/thumb/v7-m\libg.a(lib_a-mbtowc_r.o)
 .text._mbtowc_r
                0x00000000       0x24 c:/program files (x86)/gnu tools arm embedded/6 2017-q1-update/bin/../lib/gcc/arm-none-eabi/6.3.1/../../../../arm-none-eabi/lib/thumb/v7-m\libg.a(lib_a-mbtowc_r.o)
 .text.__ascii_mbtowc
                0x00000000       0x2c c:/program files (x86)/gnu tools arm embedded/6 2017-q1-update/bin/../lib/gcc/arm-none-eabi/6.3.1/../../../../arm-none-eabi/lib/thumb/v7-m\libg.a(lib_a-mbtowc_r.o)
 .debug_frame   0x00000000       0x4c c:/program files (x86)/gnu tools arm embedded/6 2017-q1-update/bin/../lib/gcc/arm-none-eabi/6.3.1/../../../../arm-none-eabi/lib/thumb/v7-m\libg.a(lib_a-mbtowc_r.o)
 .ARM.attributes
                0x00000000       0x2d c:/program files (x86)/gnu tools arm embedded/6 2017-q1-update/bin/../lib/gcc/arm-none-eabi/6.3.1/../../../../arm-none-eabi/lib/thumb/v7-m\libg.a(lib_a-mbtowc_r.o)
 .text          0x00000000        0x0 c:/program files (x86)/gnu tools arm embedded/6 2017-q1-update/bin/../lib/gcc/arm-none-eabi/6.3.1/../../../../arm-none-eabi/lib/thumb/v7-m\libg.a(lib_a-wctomb_r.o)
 .data          0x00000000        0x0 c:/program files (x86)/gnu tools arm embedded/6 2017-q1-update/bin/../lib/gcc/arm-none-eabi/6.3.1/../../../../arm-none-eabi/lib/thumb/v7-m\libg.a(lib_a-wctomb_r.o)
 .bss           0x00000000        0x0 c:/program files (x86)/gnu tools arm embedded/6 2017-q1-update/bin/../lib/gcc/arm-none-eabi/6.3.1/../../../../arm-none-eabi/lib/thumb/v7-m\libg.a(lib_a-wctomb_r.o)
 .text._wctomb_r
                0x00000000       0x24 c:/program files (x86)/gnu tools arm embedded/6 2017-q1-update/bin/../lib/gcc/arm-none-eabi/6.3.1/../../../../arm-none-eabi/lib/thumb/v7-m\libg.a(lib_a-wctomb_r.o)
 .text.__ascii_wctomb
                0x00000000       0x18 c:/program files (x86)/gnu tools arm embedded/6 2017-q1-update/bin/../lib/gcc/arm-none-eabi/6.3.1/../../../../arm-none-eabi/lib/thumb/v7-m\libg.a(lib_a-wctomb_r.o)
 .debug_frame   0x00000000       0x3c c:/program files (x86)/gnu tools arm embedded/6 2017-q1-update/bin/../lib/gcc/arm-none-eabi/6.3.1/../../../../arm-none-eabi/lib/thumb/v7-m\libg.a(lib_a-wctomb_r.o)
 .ARM.attributes
                0x00000000       0x2d c:/program files (x86)/gnu tools arm embedded/6 2017-q1-update/bin/../lib/gcc/arm-none-eabi/6.3.1/../../../../arm-none-eabi/lib/thumb/v7-m\libg.a(lib_a-wctomb_r.o)
 .text          0x00000000        0x0 c:/program files (x86)/gnu tools arm embedded/6 2017-q1-update/bin/../lib/gcc/arm-none-eabi/6.3.1/../../../../arm-none-eabi/lib/thumb/v7-m\libg.a(lib_a-ctype_.o)
 .data          0x00000000        0x0 c:/program files (x86)/gnu tools arm embedded/6 2017-q1-update/bin/../lib/gcc/arm-none-eabi/6.3.1/../../../../arm-none-eabi/lib/thumb/v7-m\libg.a(lib_a-ctype_.o)
 .bss           0x00000000        0x0 c:/program files (x86)/gnu tools arm embedded/6 2017-q1-update/bin/../lib/gcc/arm-none-eabi/6.3.1/../../../../arm-none-eabi/lib/thumb/v7-m\libg.a(lib_a-ctype_.o)
 .rodata._ctype_
                0x00000000      0x101 c:/program files (x86)/gnu tools arm embedded/6 2017-q1-update/bin/../lib/gcc/arm-none-eabi/6.3.1/../../../../arm-none-eabi/lib/thumb/v7-m\libg.a(lib_a-ctype_.o)
 .ARM.attributes
                0x00000000       0x2d c:/program files (x86)/gnu tools arm embedded/6 2017-q1-update/bin/../lib/gcc/arm-none-eabi/6.3.1/../../../../arm-none-eabi/lib/thumb/v7-m\libg.a(lib_a-ctype_.o)

Memory Configuration

Name             Origin             Length             Attributes
rom              0x08000000         0x00010000         xr
ram              0x20000000         0x00005000         xrw
*default*        0x00000000         0xffffffff

Linker script and memory map

                0x20005000                _eram = 0x20005000

.text           0x08000000     0x5f94
 *(.isr_vector)
 .isr_vector    0x08000000      0x10c ..\obj\startup_stm32f10x_md.o
                0x08000000                g_pfnVectors
 *(.text*)
 .text.InitDmdModule
                0x0800010c      0x174 ..\obj\dmd.o
                0x0800010c                InitDmdModule
 .text.ClearScreen
                0x08000280       0x50 ..\obj\dmd.o
                0x08000280                ClearScreen
 .text.FlushScreen
                0x080002d0       0x12 ..\obj\dmd.o
                0x080002d0                FlushScreen
 *fill*         0x080002e2        0x2 
 .text.writePixel
                0x080002e4      0xd54 ..\obj\dmd.o
                0x080002e4                writePixel
 .text.DisplayScanner
                0x08001038      0x2c4 ..\obj\dmd.o
                0x08001038                DisplayScanner
 .text.GetSlot  0x080012fc       0x1c ..\obj\dmd.o
                0x080012fc                GetSlot
 .text.GetBaseAddress
                0x08001318       0x34 ..\obj\dmd.o
                0x08001318                GetBaseAddress
 .text.DrawPic  0x0800134c       0x74 ..\obj\dmd.o
                0x0800134c                DrawPic
 .text.TIM_DeInit
                0x080013c0      0x22c ..\obj\stm32f10x_tim.o
                0x080013c0                TIM_DeInit
 .text.TIM_TimeBaseInit
                0x080015ec       0xf8 ..\obj\stm32f10x_tim.o
                0x080015ec                TIM_TimeBaseInit
 .text.TIM_OC2Init
                0x080016e4      0x110 ..\obj\stm32f10x_tim.o
                0x080016e4                TIM_OC2Init
 .text.TIM_OC3Init
                0x080017f4      0x10c ..\obj\stm32f10x_tim.o
                0x080017f4                TIM_OC3Init
 .text.TIM_Cmd  0x08001900       0x3e ..\obj\stm32f10x_tim.o
                0x08001900                TIM_Cmd
 .text.TIM_CtrlPWMOutputs
                0x0800193e       0x4a ..\obj\stm32f10x_tim.o
                0x0800193e                TIM_CtrlPWMOutputs
 .text.TIM_ITConfig
                0x08001988       0x46 ..\obj\stm32f10x_tim.o
                0x08001988                TIM_ITConfig
 .text.TIM_DMACmd
                0x080019ce       0x46 ..\obj\stm32f10x_tim.o
                0x080019ce                TIM_DMACmd
 .text.TIM_ClearITPendingBit
                0x08001a14       0x20 ..\obj\stm32f10x_tim.o
                0x08001a14                TIM_ClearITPendingBit
 .text.SystemInit
                0x08001a34       0x68 ..\obj\system_stm32f10x.o
                0x08001a34                SystemInit
 .text.SystemCoreClockUpdate
                0x08001a9c       0xd8 ..\obj\system_stm32f10x.o
                0x08001a9c                SystemCoreClockUpdate
 .text.SetSysClock
                0x08001b74        0xc ..\obj\system_stm32f10x.o
 .text.SetSysClockTo72
                0x08001b80      0x100 ..\obj\system_stm32f10x.o
 .text.Default_Reset_Handler
                0x08001c80       0x60 ..\obj\startup_stm32f10x_md.o
                0x08001c80                Default_Reset_Handler
                0x08001c80                Reset_Handler
 .text.Default_Handler
                0x08001ce0        0x6 ..\obj\startup_stm32f10x_md.o
                0x08001ce0                EXTI2_IRQHandler
                0x08001ce0                DebugMon_Handler
                0x08001ce0                TIM1_CC_IRQHandler
                0x08001ce0                HardFault_Handler
                0x08001ce0                SysTick_Handler
                0x08001ce0                PVD_IRQHandler
                0x08001ce0                PendSV_Handler
                0x08001ce0                NMI_Handler
                0x08001ce0                EXTI3_IRQHandler
                0x08001ce0                EXTI0_IRQHandler
                0x08001ce0                I2C2_EV_IRQHandler
                0x08001ce0                UsageFault_Handler
                0x08001ce0                ADC1_2_IRQHandler
                0x08001ce0                SPI1_IRQHandler
                0x08001ce0                TAMPER_IRQHandler
                0x08001ce0                DMA1_Channel4_IRQHandler
                0x08001ce0                USART3_IRQHandler
                0x08001ce0                RTC_IRQHandler
                0x08001ce0                DMA1_Channel7_IRQHandler
                0x08001ce0                CAN1_RX1_IRQHandler
                0x08001ce0                TIM4_IRQHandler
                0x08001ce0                I2C1_EV_IRQHandler
                0x08001ce0                TIM3_IRQHandler
                0x08001ce0                RCC_IRQHandler
                0x08001ce0                TIM1_TRG_COM_IRQHandler
                0x08001ce0                DMA1_Channel1_IRQHandler
                0x08001ce0                EXTI15_10_IRQHandler
                0x08001ce0                EXTI9_5_IRQHandler
                0x08001ce0                SPI2_IRQHandler
                0x08001ce0                MemManage_Handler
                0x08001ce0                SVC_Handler
                0x08001ce0                DMA1_Channel5_IRQHandler
                0x08001ce0                EXTI4_IRQHandler
                0x08001ce0                USB_LP_CAN1_RX0_IRQHandler
                0x08001ce0                USB_HP_CAN1_TX_IRQHandler
                0x08001ce0                DMA1_Channel3_IRQHandler
                0x08001ce0                WWDG_IRQHandler
                0x08001ce0                TIM2_IRQHandler
                0x08001ce0                TIM1_BRK_IRQHandler
                0x08001ce0                EXTI1_IRQHandler
                0x08001ce0                RTCAlarm_IRQHandler
                0x08001ce0                USART2_IRQHandler
                0x08001ce0                I2C2_ER_IRQHandler
                0x08001ce0                DMA1_Channel2_IRQHandler
                0x08001ce0                CAN1_SCE_IRQHandler
                0x08001ce0                FLASH_IRQHandler
                0x08001ce0                BusFault_Handler
                0x08001ce0                USART1_IRQHandler
                0x08001ce0                I2C1_ER_IRQHandler
                0x08001ce0                USBWakeUp_IRQHandler
 .text.GPIO_Init
                0x08001ce6      0x178 ..\obj\stm32f10x_gpio.o
                0x08001ce6                GPIO_Init
 .text.GPIO_SetBits
                0x08001e5e       0x1c ..\obj\stm32f10x_gpio.o
                0x08001e5e                GPIO_SetBits
 .text.GPIO_ResetBits
                0x08001e7a       0x1c ..\obj\stm32f10x_gpio.o
                0x08001e7a                GPIO_ResetBits
 *fill*         0x08001e96        0x2 
 .text.main     0x08001e98       0x34 ..\obj\main.o
                0x08001e98                main
 .text.RCC_AHBPeriphClockCmd
                0x08001ecc       0x3c ..\obj\stm32f10x_rcc.o
                0x08001ecc                RCC_AHBPeriphClockCmd
 .text.RCC_APB2PeriphClockCmd
                0x08001f08       0x3c ..\obj\stm32f10x_rcc.o
                0x08001f08                RCC_APB2PeriphClockCmd
 .text.RCC_APB1PeriphClockCmd
                0x08001f44       0x3c ..\obj\stm32f10x_rcc.o
                0x08001f44                RCC_APB1PeriphClockCmd
 .text.RCC_APB2PeriphResetCmd
                0x08001f80       0x3c ..\obj\stm32f10x_rcc.o
                0x08001f80                RCC_APB2PeriphResetCmd
 .text.RCC_APB1PeriphResetCmd
                0x08001fbc       0x3c ..\obj\stm32f10x_rcc.o
                0x08001fbc                RCC_APB1PeriphResetCmd
 .text.DecodePortId
                0x08001ff8       0x8c ..\obj\gpio.o
                0x08001ff8                DecodePortId
 .text.DecodePinId
                0x08002084       0xdc ..\obj\gpio.o
                0x08002084                DecodePinId
 .text.DecodePinMode
                0x08002160       0x32 ..\obj\gpio.o
                0x08002160                DecodePinMode
 *fill*         0x08002192        0x2 
 .text.GpioClockMask
                0x08002194       0x70 ..\obj\gpio.o
                0x08002194                GpioClockMask
 .text.InitPin  0x08002204       0x98 ..\obj\gpio.o
                0x08002204                InitPin
 .text.SetPinState
                0x0800229c       0x6a ..\obj\gpio.o
                0x0800229c                SetPinState
 *fill*         0x08002306        0x2 
 .text.DMA_DeInit
                0x08002308      0x178 ..\obj\stm32f10x_dma.o
                0x08002308                DMA_DeInit
 .text.DMA_Init
                0x08002480       0x7c ..\obj\stm32f10x_dma.o
                0x08002480                DMA_Init
 .text.DMA_Cmd  0x080024fc       0x38 ..\obj\stm32f10x_dma.o
                0x080024fc                DMA_Cmd
 .text.DMA_ITConfig
                0x08002534       0x3a ..\obj\stm32f10x_dma.o
                0x08002534                DMA_ITConfig
 *fill*         0x0800256e        0x2 
 .text.DMA_ClearITPendingBit
                0x08002570       0x34 ..\obj\stm32f10x_dma.o
                0x08002570                DMA_ClearITPendingBit
 .text.NVIC_EnableIRQ
                0x080025a4       0x30 ..\obj\dma.o
 .text.NVIC_SetPriority
                0x080025d4       0x54 ..\obj\dma.o
 .text.ChangeTimerPeriod
                0x08002628       0xc0 ..\obj\dma.o
                0x08002628                ChangeTimerPeriod
 .text.InitDma  0x080026e8      0x194 ..\obj\dma.o
                0x080026e8                InitDma
 .text.DMA_config
                0x0800287c       0x98 ..\obj\dma.o
                0x0800287c                DMA_config
 .text.DMA1_Channel6_IRQHandler
                0x08002914       0x28 ..\obj\dma.o
                0x08002914                DMA1_Channel6_IRQHandler
 .text.TIM1_UP_IRQHandler
                0x0800293c       0x3c ..\obj\dma.o
                0x0800293c                TIM1_UP_IRQHandler
 .text.IWDG_ReloadCounter
                0x08002978       0x18 ..\obj\stm32f10x_iwdg.o
                0x08002978                IWDG_ReloadCounter
 *(.init)
 *(.fini)
 *crtbegin.o(.ctors)
 *crtbegin?.o(.ctors)
 *(EXCLUDE_FILE(*crtend.o *crtend?.o) .ctors)
 *(SORT(.ctors.*))
 *(.ctors)
 *crtbegin.o(.dtors)
 *crtbegin?.o(.dtors)
 *(EXCLUDE_FILE(*crtend.o *crtend?.o) .dtors)
 *(SORT(.dtors.*))
 *(.dtors)
 *(.rodata*)
 .rodata        0x08002990     0x3604 ..\obj\dmd.o
                0x08002e38                gamma8
                0x08002f94                pic_data
 *(.eh_fram e*)

.glue_7         0x08005f94        0x0
 .glue_7        0x08005f94        0x0 linker stubs

.glue_7t        0x08005f94        0x0
 .glue_7t       0x08005f94        0x0 linker stubs

.vfp11_veneer   0x08005f94        0x0
 .vfp11_veneer  0x08005f94        0x0 linker stubs

.v4_bx          0x08005f94        0x0
 .v4_bx         0x08005f94        0x0 linker stubs

.iplt           0x08005f94        0x0
 .iplt          0x08005f94        0x0 ..\obj\stm32f10x_rtc.o

.rel.dyn        0x08005f94        0x0
 .rel.iplt      0x08005f94        0x0 ..\obj\stm32f10x_rtc.o

.ARM.extab
 *(.ARM.extab* .gnu.linkonce.armextab.*)
                0x08005f94                __exidx_start = .

.ARM.exidx
 *(.ARM.exidx* .gnu.linkonce.armexidx.*)
                0x08005f94                __exidx_end = .
                0x08005f94                __etext = .
                0x08005f94                _sidata = __etext

.data           0x20000000       0x1c load address 0x08005f94
                0x20000000                __data_start__ = .
                0x20000000                _sdata = __data_start__
 *(vtable)
 *(.data*)
 .data          0x20000000       0x14 ..\obj\system_stm32f10x.o
                0x20000000                SystemCoreClock
                0x20000004                AHBPrescTable
 .data          0x20000014        0x8 ..\obj\dma.o
                0x20000014                time_period
                0x2000001c                . = ALIGN (0x4)
                [!provide]                PROVIDE (__preinit_array_start, .)
 *(.preinit_array)
                [!provide]                PROVIDE (__preinit_array_end, .)
                0x2000001c                . = ALIGN (0x4)
                [!provide]                PROVIDE (__init_array_start, .)
 *(SORT(.init_array.*))
 *(.init_array)
                [!provide]                PROVIDE (__init_array_end, .)
                0x2000001c                . = ALIGN (0x4)
                [!provide]                PROVIDE (__fini_array_start, .)
 *(SORT(.fini_array.*))
 *(.fini_array)
                [!provide]                PROVIDE (__fini_array_end, .)
 *(.jcr*)
                0x2000001c                . = ALIGN (0x4)
                0x2000001c                __data_end__ = .
                0x2000001c                _edata = __data_end__

.igot.plt       0x2000001c        0x0 load address 0x08005fb0
 .igot.plt      0x2000001c        0x0 ..\obj\stm32f10x_rtc.o

.bss            0x2000001c     0x30b8 load address 0x08005fb0
                0x2000001c                . = ALIGN (0x4)
                0x2000001c                __bss_start__ = .
                0x2000001c                _sbss = __bss_start__
 *(.bss*)
 .bss           0x2000001c        0x4 ..\obj\gpio.o
                0x2000001c                list_indexer
 .bss           0x20000020        0x2 ..\obj\dma.o
                0x20000020                TimerPeriod
 *(COMMON)
 *fill*         0x20000022        0x2 
 COMMON         0x20000024     0x3048 ..\obj\dmd.o
                0x20000024                prv_dmd
 COMMON         0x2000306c        0x4 ..\obj\main.o
                0x2000306c                dmd
 COMMON         0x20003070       0x50 ..\obj\gpio.o
                0x20003070                pin_list
 COMMON         0x200030c0       0x14 ..\obj\dma.o
                0x200030c0                TimerPeriod1
                0x200030c4                TIM_OCInitStructure
                0x200030d4                . = ALIGN (0x4)
                0x200030d4                __bss_end__ = .
                0x200030d4                _ebss = __bss_end__

.heap           0x200030d4        0x0
                0x200030d4                __end__ = .
                0x200030d4                _end = __end__
                0x200030d4                end = __end__
 *(.heap*)
                0x200030d4                __HeapLimit = .

.co_stack       0x200030d4      0x404 load address 0x08009068
                0x200030d8                . = ALIGN (0x8)
 *fill*         0x200030d4        0x4 
 *(.co_stack .co_stack.*)
 .co_stack      0x200030d8      0x400 ..\obj\startup_stm32f10x_md.o
                0x200030d8                pulStack
                0x20005000                __StackTop = (ORIGIN (ram) + LENGTH (ram))
                0x20004bfc                __StackLimit = (__StackTop - SIZEOF (.co_stack))
                [!provide]                PROVIDE (__stack, __StackTop)
                0x00000001                ASSERT ((__StackLimit >= __HeapLimit), region ram  overflowed with stack)
LOAD ..\obj\stm32f10x_rtc.o
LOAD ..\obj\dmd.o
LOAD ..\obj\stm32f10x_tim.o
LOAD ..\obj\system_stm32f10x.o
LOAD ..\obj\startup_stm32f10x_md.o
LOAD ..\obj\stm32f10x_pwr.o
LOAD ..\obj\stm32f10x_gpio.o
LOAD ..\obj\main.o
LOAD ..\obj\font.o
LOAD ..\obj\stm32f10x_crc.o
LOAD ..\obj\stm32f10x_rcc.o
LOAD ..\obj\gpio.o
LOAD ..\obj\stm32f10x_exti.o
LOAD ..\obj\stm32f10x_adc.o
LOAD ..\obj\stm32f10x_usart.o
LOAD ..\obj\stm32f10x_dma.o
LOAD ..\obj\stm32f10x_i2c.o
LOAD ..\obj\dma.o
LOAD ..\obj\stm32f10x_bkp.o
LOAD ..\obj\stm32f10x_iwdg.o
START GROUP
LOAD c:/program files (x86)/gnu tools arm embedded/6 2017-q1-update/bin/../lib/gcc/arm-none-eabi/6.3.1/thumb/v7-m\libgcc.a
LOAD c:/program files (x86)/gnu tools arm embedded/6 2017-q1-update/bin/../lib/gcc/arm-none-eabi/6.3.1/../../../../arm-none-eabi/lib/thumb/v7-m\libg.a
LOAD c:/program files (x86)/gnu tools arm embedded/6 2017-q1-update/bin/../lib/gcc/arm-none-eabi/6.3.1/../../../../arm-none-eabi/lib/thumb/v7-m\libc.a
END GROUP
OUTPUT(display.elf elf32-littlearm)

.debug_info     0x00000000     0x7d6a
 .debug_info    0x00000000     0x17bb ..\obj\dmd.o
 .debug_info    0x000017bb     0x1c67 ..\obj\stm32f10x_tim.o
 .debug_info    0x00003422      0x4a3 ..\obj\system_stm32f10x.o
 .debug_info    0x000038c5      0x10b ..\obj\startup_stm32f10x_md.o
 .debug_info    0x000039d0      0x6fd ..\obj\stm32f10x_gpio.o
 .debug_info    0x000040cd      0xb93 ..\obj\main.o
 .debug_info    0x00004c60      0x8ae ..\obj\stm32f10x_rcc.o
 .debug_info    0x0000550e      0xdf2 ..\obj\gpio.o
 .debug_info    0x00006300      0x482 ..\obj\stm32f10x_dma.o
 .debug_info    0x00006782     0x13d3 ..\obj\dma.o
 .debug_info    0x00007b55      0x215 ..\obj\stm32f10x_iwdg.o

.debug_abbrev   0x00000000     0x15e8
 .debug_abbrev  0x00000000      0x3ea ..\obj\dmd.o
 .debug_abbrev  0x000003ea      0x1c1 ..\obj\stm32f10x_tim.o
 .debug_abbrev  0x000005ab      0x16c ..\obj\system_stm32f10x.o
 .debug_abbrev  0x00000717       0xb6 ..\obj\startup_stm32f10x_md.o
 .debug_abbrev  0x000007cd      0x1db ..\obj\stm32f10x_gpio.o
 .debug_abbrev  0x000009a8      0x251 ..\obj\main.o
 .debug_abbrev  0x00000bf9      0x1cd ..\obj\stm32f10x_rcc.o
 .debug_abbrev  0x00000dc6      0x27d ..\obj\gpio.o
 .debug_abbrev  0x00001043      0x180 ..\obj\stm32f10x_dma.o
 .debug_abbrev  0x000011c3      0x2f9 ..\obj\dma.o
 .debug_abbrev  0x000014bc      0x12c ..\obj\stm32f10x_iwdg.o

.debug_aranges  0x00000000      0x758
 .debug_aranges
                0x00000000       0xb8 ..\obj\dmd.o
 .debug_aranges
                0x000000b8      0x2f0 ..\obj\stm32f10x_tim.o
 .debug_aranges
                0x000003a8       0x38 ..\obj\system_stm32f10x.o
 .debug_aranges
                0x000003e0       0x28 ..\obj\startup_stm32f10x_md.o
 .debug_aranges
                0x00000408       0xa8 ..\obj\stm32f10x_gpio.o
 .debug_aranges
                0x000004b0       0x30 ..\obj\main.o
 .debug_aranges
                0x000004e0      0x118 ..\obj\stm32f10x_rcc.o
 .debug_aranges
                0x000005f8       0x58 ..\obj\gpio.o
 .debug_aranges
                0x00000650       0x70 ..\obj\stm32f10x_dma.o
 .debug_aranges
                0x000006c0       0x50 ..\obj\dma.o
 .debug_aranges
                0x00000710       0x48 ..\obj\stm32f10x_iwdg.o

.debug_ranges   0x00000000      0x708
 .debug_ranges  0x00000000      0x108 ..\obj\dmd.o
 .debug_ranges  0x00000108      0x2e0 ..\obj\stm32f10x_tim.o
 .debug_ranges  0x000003e8       0x28 ..\obj\system_stm32f10x.o
 .debug_ranges  0x00000410       0x18 ..\obj\startup_stm32f10x_md.o
 .debug_ranges  0x00000428       0x98 ..\obj\stm32f10x_gpio.o
 .debug_ranges  0x000004c0       0x20 ..\obj\main.o
 .debug_ranges  0x000004e0      0x108 ..\obj\stm32f10x_rcc.o
 .debug_ranges  0x000005e8       0x48 ..\obj\gpio.o
 .debug_ranges  0x00000630       0x60 ..\obj\stm32f10x_dma.o
 .debug_ranges  0x00000690       0x40 ..\obj\dma.o
 .debug_ranges  0x000006d0       0x38 ..\obj\stm32f10x_iwdg.o

.debug_line     0x00000000     0x2fb8
 .debug_line    0x00000000      0x7d3 ..\obj\dmd.o
 .debug_line    0x000007d3      0xb86 ..\obj\stm32f10x_tim.o
 .debug_line    0x00001359      0x24e ..\obj\system_stm32f10x.o
 .debug_line    0x000015a7       0xa6 ..\obj\startup_stm32f10x_md.o
 .debug_line    0x0000164d      0x406 ..\obj\stm32f10x_gpio.o
 .debug_line    0x00001a53      0x2f5 ..\obj\main.o
 .debug_line    0x00001d48      0x501 ..\obj\stm32f10x_rcc.o
 .debug_line    0x00002249      0x414 ..\obj\gpio.o
 .debug_line    0x0000265d      0x36e ..\obj\stm32f10x_dma.o
 .debug_line    0x000029cb      0x3aa ..\obj\dma.o
 .debug_line    0x00002d75      0x243 ..\obj\stm32f10x_iwdg.o

.debug_str      0x00000000     0x27bc
 .debug_str     0x00000000      0xa46 ..\obj\dmd.o
                                0xb09 (size before relaxing)
 .debug_str     0x00000a46      0xc0b ..\obj\stm32f10x_tim.o
                                0xdf9 (size before relaxing)
 .debug_str     0x00001651      0x166 ..\obj\system_stm32f10x.o
                                0x2fb (size before relaxing)
 .debug_str     0x000017b7       0xc6 ..\obj\startup_stm32f10x_md.o
                                0x15d (size before relaxing)
 .debug_str     0x0000187d      0x265 ..\obj\stm32f10x_gpio.o
                                0x535 (size before relaxing)
 .debug_str     0x00001ae2       0x78 ..\obj\main.o
                                0x678 (size before relaxing)
 .debug_str     0x00001b5a      0x3ec ..\obj\stm32f10x_rcc.o
                                0x636 (size before relaxing)
 .debug_str     0x00001f46      0x158 ..\obj\gpio.o
                                0x8c9 (size before relaxing)
 .debug_str     0x0000209e      0x220 ..\obj\stm32f10x_dma.o
                                0x3d3 (size before relaxing)
 .debug_str     0x000022be      0x41a ..\obj\dma.o
                                0xe2c (size before relaxing)
 .debug_str     0x000026d8       0xe4 ..\obj\stm32f10x_iwdg.o
                                0x278 (size before relaxing)

.comment        0x00000000       0x7f
 .comment       0x00000000       0x7f ..\obj\dmd.o
                                 0x80 (size before relaxing)
 .comment       0x0000007f       0x80 ..\obj\stm32f10x_tim.o
 .comment       0x0000007f       0x80 ..\obj\system_stm32f10x.o
 .comment       0x0000007f       0x80 ..\obj\startup_stm32f10x_md.o
 .comment       0x0000007f       0x80 ..\obj\stm32f10x_gpio.o
 .comment       0x0000007f       0x80 ..\obj\main.o
 .comment       0x0000007f       0x80 ..\obj\stm32f10x_rcc.o
 .comment       0x0000007f       0x80 ..\obj\gpio.o
 .comment       0x0000007f       0x80 ..\obj\stm32f10x_dma.o
 .comment       0x0000007f       0x80 ..\obj\dma.o
 .comment       0x0000007f       0x80 ..\obj\stm32f10x_iwdg.o

.ARM.attributes
                0x00000000       0x31
 .ARM.attributes
                0x00000000       0x33 ..\obj\dmd.o
 .ARM.attributes
                0x00000033       0x33 ..\obj\stm32f10x_tim.o
 .ARM.attributes
                0x00000066       0x33 ..\obj\system_stm32f10x.o
 .ARM.attributes
                0x00000099       0x33 ..\obj\startup_stm32f10x_md.o
 .ARM.attributes
                0x000000cc       0x33 ..\obj\stm32f10x_gpio.o
 .ARM.attributes
                0x000000ff       0x33 ..\obj\main.o
 .ARM.attributes
                0x00000132       0x33 ..\obj\stm32f10x_rcc.o
 .ARM.attributes
                0x00000165       0x33 ..\obj\gpio.o
 .ARM.attributes
                0x00000198       0x33 ..\obj\stm32f10x_dma.o
 .ARM.attributes
                0x000001cb       0x33 ..\obj\dma.o
 .ARM.attributes
                0x000001fe       0x33 ..\obj\stm32f10x_iwdg.o

.debug_frame    0x00000000     0x1f54
 .debug_frame   0x00000000      0x30c ..\obj\dmd.o
 .debug_frame   0x0000030c      0xe2c ..\obj\stm32f10x_tim.o
 .debug_frame   0x00001138       0x98 ..\obj\system_stm32f10x.o
 .debug_frame   0x000011d0       0x4c ..\obj\startup_stm32f10x_md.o
 .debug_frame   0x0000121c      0x2d0 ..\obj\stm32f10x_gpio.o
 .debug_frame   0x000014ec       0x6c ..\obj\main.o
 .debug_frame   0x00001558      0x4f4 ..\obj\stm32f10x_rcc.o
 .debug_frame   0x00001a4c      0x14c ..\obj\gpio.o
 .debug_frame   0x00001b98      0x1c8 ..\obj\stm32f10x_dma.o
 .debug_frame   0x00001d60      0x104 ..\obj\dma.o
 .debug_frame   0x00001e64       0xf0 ..\obj\stm32f10x_iwdg.o
